2026-06-29 00:55:32 INFO     [onshape_export_manager.scheduler] Scheduler started
2026-06-29 00:56:29 INFO     [onshape_export_manager.scheduler] Scheduler stopped
2026-06-29 00:56:44 INFO     [onshape_export_manager.scheduler] Scheduler started
2026-07-08 19:51:30 INFO     [onshape_export_manager.scheduler] Scheduler started
2026-07-08 19:51:30 INFO     [onshape_export_manager.scheduler] Scheduler stopped
2026-07-08 19:51:30 INFO     [onshape_export_manager.scheduler] Synced scheduler job id=schedule-customer-a label=Customer A interval=hourly profile=STL
2026-07-08 19:51:30 INFO     [onshape_export_manager.scheduler] Synced scheduler job id=schedule-customer-a label=Customer A interval=hourly profile=STL
2026-07-08 19:51:30 INFO     [onshape_export_manager.scheduler] Queued scheduled export scheduler_job_id=schedule-customer-a queue_job_id=33acd33b-7dd0-4e1b-9089-3e0051c95d7b label=Customer A
2026-07-08 21:49:55 INFO     [onshape_export_manager.scheduler] Scheduler started
2026-07-08 21:51:03 INFO     [onshape_export_manager.scheduler] Scheduler started
2026-07-08 21:51:03 INFO     [onshape_export_manager.scheduler] Scheduler stopped
2026-07-08 21:51:22 INFO     [onshape_export_manager.scheduler] Scheduler started
2026-07-08 21:51:22 INFO     [onshape_export_manager.scheduler] Scheduler stopped
2026-07-08 21:51:44 INFO     [onshape_export_manager.scheduler] Scheduler started
2026-07-08 22:25:55 INFO     [onshape_export_manager.scheduler] Scheduler started
2026-07-08 22:27:10 INFO     [onshape_export_manager.scheduler] Scheduler started
2026-07-08 23:21:20 INFO     [onshape_export_manager.scheduler] Scheduler started
2026-07-08 23:28:58 INFO     [onshape_export_manager.scheduler] Scheduler started
2026-07-08 23:30:17 INFO     [onshape_export_manager.scheduler] Scheduler started
2026-07-08 23:32:01 INFO     [onshape_export_manager.scheduler] Scheduler started
2026-07-08 23:33:19 INFO     [onshape_export_manager.scheduler] Scheduler started
2026-07-08 23:34:04 INFO     [onshape_export_manager.scheduler] Scheduler started
2026-07-08 23:35:39 INFO     [onshape_export_manager.scheduler] Scheduler started
2026-07-09 00:08:34 INFO     [onshape_export_manager.scheduler] Scheduler started
2026-07-09 00:21:00 INFO     [onshape_export_manager.scheduler] Scheduler started
2026-07-09 00:30:21 INFO     [onshape_export_manager.scheduler] Scheduler started
2026-07-09 00:31:31 INFO     [onshape_export_manager.scheduler] Scheduler started
2026-07-09 00:32:03 INFO     [onshape_export_manager.scheduler] Scheduler started
2026-07-09 00:32:16 WARNING  [onshape_export_manager.scheduler] Scheduler re-sync skipped: label 'Robotics' references missing accounts: Primary
2026-07-09 00:33:27 INFO     [onshape_export_manager.scheduler] Scheduler started
2026-07-09 00:33:58 WARNING  [onshape_export_manager.scheduler] Scheduler re-sync skipped: label 'Demo' references missing accounts: Primary
2026-07-09 00:34:03 WARNING  [onshape_export_manager.scheduler] Scheduler re-sync skipped: label 'Demo' references missing accounts: Primary
2026-07-09 00:35:58 INFO     [onshape_export_manager.scheduler] Scheduler started
2026-07-09 00:37:19 INFO     [onshape_export_manager.scheduler] Scheduler started
2026-07-09 11:04:29 INFO     [onshape_export_manager.scheduler] Scheduler started
2026-07-09 11:23:57 INFO     [onshape_export_manager.scheduler] Scheduler started
2026-07-09 11:25:02 INFO     [onshape_export_manager.scheduler] Scheduler started
2026-07-09 11:37:13 INFO     [onshape_export_manager.scheduler] Scheduler started
2026-07-09 11:38:17 INFO     [onshape_export_manager.scheduler] Scheduler started
2026-07-09 11:38:52 INFO     [onshape_export_manager.scheduler] Scheduler started
2026-07-09 12:27:17 INFO     [onshape_export_manager.scheduler] Scheduler started
2026-07-09 12:28:20 INFO     [onshape_export_manager.scheduler] Scheduler started
2026-07-10 16:08:03 INFO     [onshape_export_manager.scheduler] Scheduler started
2026-07-10 16:11:54 INFO     [onshape_export_manager.scheduler] Scheduler started
2026-07-10 16:20:44 INFO     [onshape_export_manager.scheduler] Scheduler started
2026-07-10 17:20:23 INFO     [onshape_export_manager.scheduler] Scheduler started
2026-07-10 17:42:27 INFO     [onshape_export_manager.scheduler] Scheduler started
2026-07-10 17:46:15 INFO     [onshape_export_manager.scheduler] Scheduler started
2026-07-10 17:52:10 INFO     [onshape_export_manager.scheduler] Scheduler started
2026-07-10 18:25:41 INFO     [onshape_export_manager.scheduler] Scheduler started
2026-07-26 17:32:38 INFO     [onshape_export_manager.scheduler] Scheduler started
2026-07-26 17:35:23 INFO     [onshape_export_manager.scheduler] Scheduler started
2026-07-26 17:37:41 INFO     [onshape_export_manager.scheduler] Scheduler started
2026-07-26 17:40:52 INFO     [onshape_export_manager.scheduler] Scheduler started
2026-07-26 17:42:08 INFO     [onshape_export_manager.scheduler] Scheduler started
2026-07-26 18:06:01 INFO     [onshape_export_manager.scheduler] Scheduler started
2026-07-26 18:16:28 INFO     [onshape_export_manager.scheduler] Scheduler started
2026-07-26 18:35:20 INFO     [onshape_export_manager.scheduler] Scheduler started
2026-07-26 18:44:11 INFO     [onshape_export_manager.scheduler] Scheduler started
2026-07-26 18:54:42 INFO     [onshape_export_manager.scheduler] Scheduler started
2026-07-26 18:58:13 INFO     [onshape_export_manager.scheduler] Scheduler started
